// Jest Snapshot v1, https://goo.gl/fbAQLP

exports[`Fake component matches the snapshot 1`] = `
<h2>
  Testing
</h2>
`;
